2026-04-24T02:01:17.150424Z 0 [System] [MY-015015] [Server] MySQL Server - start.
2026-04-24T02:01:17.277234Z 0 [Warning] [MY-010097] [Server] Insecure configuration for --secure-file-priv: Current value does not restrict location of generated files. Consider setting it to a valid, non-empty path.
2026-04-24T02:01:17.277297Z 0 [System] [MY-010116] [Server] C:\laragon\bin\mysql\mysql-8.4.3-winx64\bin\mysqld (mysqld 8.4.3) starting as process 14012
2026-04-24T02:01:17.309312Z 1 [System] [MY-013576] [InnoDB] InnoDB initialization has started.
2026-04-24T02:01:17.568494Z 1 [System] [MY-013577] [InnoDB] InnoDB initialization has ended.
2026-04-24T02:01:17.908475Z 0 [Warning] [MY-013829] [Server] Missing data directory for ICU regular expressions: C:\laragon\bin\mysql\mysql-8.4.3-winx64\lib\private\.
2026-04-24T02:01:17.921188Z 0 [Warning] [MY-010068] [Server] CA certificate ca.pem is self signed.
2026-04-24T02:01:17.921618Z 0 [System] [MY-013602] [Server] Channel mysql_main configured to support TLS. Encrypted connections are now supported for this channel.
2026-04-24T02:01:17.928560Z 0 [ERROR] [MY-010262] [Server] Can't start server: Bind on TCP/IP port: Only one usage of each socket address (protocol/network address/port) is normally permitted. 
2026-04-24T02:01:17.929305Z 0 [ERROR] [MY-010257] [Server] Do you already have another mysqld server running on port: 3306 ?
2026-04-24T02:01:17.929789Z 0 [ERROR] [MY-010119] [Server] Aborting
2026-04-24T02:01:19.053378Z 0 [System] [MY-010910] [Server] C:\laragon\bin\mysql\mysql-8.4.3-winx64\bin\mysqld: Shutdown complete (mysqld 8.4.3)  MySQL Community Server - GPL.
2026-04-24T02:01:19.054179Z 0 [System] [MY-015016] [Server] MySQL Server - end.
2026-04-24T02:09:18.443513Z 0 [System] [MY-015015] [Server] MySQL Server - start.
2026-04-24T02:09:18.634336Z 0 [Warning] [MY-010097] [Server] Insecure configuration for --secure-file-priv: Current value does not restrict location of generated files. Consider setting it to a valid, non-empty path.
2026-04-24T02:09:18.634399Z 0 [System] [MY-010116] [Server] C:\laragon\bin\mysql\mysql-8.4.3-winx64\bin\mysqld (mysqld 8.4.3) starting as process 7888
2026-04-24T02:09:18.666412Z 1 [System] [MY-013576] [InnoDB] InnoDB initialization has started.
2026-04-24T02:09:19.157335Z 1 [System] [MY-013577] [InnoDB] InnoDB initialization has ended.
2026-04-24T02:09:19.670638Z 0 [Warning] [MY-013829] [Server] Missing data directory for ICU regular expressions: C:\laragon\bin\mysql\mysql-8.4.3-winx64\lib\private\.
2026-04-24T02:09:19.688976Z 0 [Warning] [MY-010068] [Server] CA certificate ca.pem is self signed.
2026-04-24T02:09:19.689612Z 0 [System] [MY-013602] [Server] Channel mysql_main configured to support TLS. Encrypted connections are now supported for this channel.
2026-04-24T02:09:19.761354Z 0 [System] [MY-011323] [Server] X Plugin ready for connections. Bind-address: '::' port: 33060
2026-04-24T02:09:19.761694Z 0 [System] [MY-010931] [Server] C:\laragon\bin\mysql\mysql-8.4.3-winx64\bin\mysqld: ready for connections. Version: '8.4.3'  socket: ''  port: 3306  MySQL Community Server - GPL.
2026-04-24T03:44:23.495816Z 8 [System] [MY-013172] [Server] Received SHUTDOWN from user root. Shutting down mysqld (Version: 8.4.3).
2026-04-24T03:44:23.497232Z 0 [System] [MY-013105] [Server] C:\laragon\bin\mysql\mysql-8.4.3-winx64\bin\mysqld: Normal shutdown.
2026-04-24T03:44:24.561943Z 0 [System] [MY-010910] [Server] C:\laragon\bin\mysql\mysql-8.4.3-winx64\bin\mysqld: Shutdown complete (mysqld 8.4.3)  MySQL Community Server - GPL.
2026-04-24T03:44:24.562720Z 0 [System] [MY-015016] [Server] MySQL Server - end.
2026-05-04T16:24:57.895297Z 0 [System] [MY-015015] [Server] MySQL Server - start.
2026-05-04T16:24:58.458173Z 0 [Warning] [MY-010097] [Server] Insecure configuration for --secure-file-priv: Current value does not restrict location of generated files. Consider setting it to a valid, non-empty path.
2026-05-04T16:24:58.460124Z 0 [System] [MY-010116] [Server] C:\laragon\bin\mysql\mysql-8.4.3-winx64\bin\mysqld (mysqld 8.4.3) starting as process 10924
2026-05-04T16:24:58.787251Z 1 [System] [MY-013576] [InnoDB] InnoDB initialization has started.
2026-05-04T16:24:59.972563Z 1 [System] [MY-013577] [InnoDB] InnoDB initialization has ended.
2026-05-04T16:25:01.097646Z 0 [Warning] [MY-013829] [Server] Missing data directory for ICU regular expressions: C:\laragon\bin\mysql\mysql-8.4.3-winx64\lib\private\.
2026-05-04T16:25:01.241243Z 0 [Warning] [MY-010068] [Server] CA certificate ca.pem is self signed.
2026-05-04T16:25:01.242051Z 0 [System] [MY-013602] [Server] Channel mysql_main configured to support TLS. Encrypted connections are now supported for this channel.
2026-05-04T16:25:01.556066Z 0 [System] [MY-011323] [Server] X Plugin ready for connections. Bind-address: '::' port: 33060
2026-05-04T16:25:01.558414Z 0 [System] [MY-010931] [Server] C:\laragon\bin\mysql\mysql-8.4.3-winx64\bin\mysqld: ready for connections. Version: '8.4.3'  socket: ''  port: 3306  MySQL Community Server - GPL.
2026-05-04T17:01:58.163067Z 8 [System] [MY-013172] [Server] Received SHUTDOWN from user root. Shutting down mysqld (Version: 8.4.3).
2026-05-04T17:01:58.164338Z 0 [System] [MY-013105] [Server] C:\laragon\bin\mysql\mysql-8.4.3-winx64\bin\mysqld: Normal shutdown.
2026-05-04T17:01:59.231109Z 0 [System] [MY-010910] [Server] C:\laragon\bin\mysql\mysql-8.4.3-winx64\bin\mysqld: Shutdown complete (mysqld 8.4.3)  MySQL Community Server - GPL.
2026-05-04T17:01:59.231963Z 0 [System] [MY-015016] [Server] MySQL Server - end.
2026-05-05T01:17:54.469744Z 0 [System] [MY-015015] [Server] MySQL Server - start.
2026-05-05T01:17:54.820891Z 0 [Warning] [MY-010097] [Server] Insecure configuration for --secure-file-priv: Current value does not restrict location of generated files. Consider setting it to a valid, non-empty path.
2026-05-05T01:17:54.821698Z 0 [System] [MY-010116] [Server] C:\laragon\bin\mysql\mysql-8.4.3-winx64\bin\mysqld (mysqld 8.4.3) starting as process 18292
2026-05-05T01:17:55.037927Z 1 [System] [MY-013576] [InnoDB] InnoDB initialization has started.
2026-05-05T01:17:55.753081Z 1 [System] [MY-013577] [InnoDB] InnoDB initialization has ended.
2026-05-05T01:17:56.447493Z 0 [Warning] [MY-013829] [Server] Missing data directory for ICU regular expressions: C:\laragon\bin\mysql\mysql-8.4.3-winx64\lib\private\.
2026-05-05T01:17:56.584918Z 0 [Warning] [MY-010068] [Server] CA certificate ca.pem is self signed.
2026-05-05T01:17:56.586153Z 0 [System] [MY-013602] [Server] Channel mysql_main configured to support TLS. Encrypted connections are now supported for this channel.
2026-05-05T01:17:56.699777Z 0 [System] [MY-011323] [Server] X Plugin ready for connections. Bind-address: '::' port: 33060
2026-05-05T01:17:56.699896Z 0 [System] [MY-010931] [Server] C:\laragon\bin\mysql\mysql-8.4.3-winx64\bin\mysqld: ready for connections. Version: '8.4.3'  socket: ''  port: 3306  MySQL Community Server - GPL.
2026-05-05T03:40:58.554515Z 123 [System] [MY-013172] [Server] Received SHUTDOWN from user root. Shutting down mysqld (Version: 8.4.3).
2026-05-05T03:40:58.556166Z 0 [System] [MY-013105] [Server] C:\laragon\bin\mysql\mysql-8.4.3-winx64\bin\mysqld: Normal shutdown.
2026-05-05T03:40:59.536383Z 0 [System] [MY-010910] [Server] C:\laragon\bin\mysql\mysql-8.4.3-winx64\bin\mysqld: Shutdown complete (mysqld 8.4.3)  MySQL Community Server - GPL.
2026-05-05T03:40:59.537941Z 0 [System] [MY-015016] [Server] MySQL Server - end.
2026-05-05T17:15:40.025777Z 0 [System] [MY-015015] [Server] MySQL Server - start.
2026-05-05T17:15:40.237262Z 0 [Warning] [MY-010097] [Server] Insecure configuration for --secure-file-priv: Current value does not restrict location of generated files. Consider setting it to a valid, non-empty path.
2026-05-05T17:15:40.238024Z 0 [System] [MY-010116] [Server] C:\laragon\bin\mysql\mysql-8.4.3-winx64\bin\mysqld (mysqld 8.4.3) starting as process 2760
2026-05-05T17:15:40.354575Z 1 [System] [MY-013576] [InnoDB] InnoDB initialization has started.
2026-05-05T17:15:40.850281Z 1 [System] [MY-013577] [InnoDB] InnoDB initialization has ended.
2026-05-05T17:15:41.321515Z 0 [Warning] [MY-013829] [Server] Missing data directory for ICU regular expressions: C:\laragon\bin\mysql\mysql-8.4.3-winx64\lib\private\.
2026-05-05T17:15:41.403469Z 0 [Warning] [MY-010068] [Server] CA certificate ca.pem is self signed.
2026-05-05T17:15:41.403955Z 0 [System] [MY-013602] [Server] Channel mysql_main configured to support TLS. Encrypted connections are now supported for this channel.
2026-05-05T17:15:41.491284Z 0 [System] [MY-011323] [Server] X Plugin ready for connections. Bind-address: '::' port: 33060
2026-05-05T17:15:41.491337Z 0 [System] [MY-010931] [Server] C:\laragon\bin\mysql\mysql-8.4.3-winx64\bin\mysqld: ready for connections. Version: '8.4.3'  socket: ''  port: 3306  MySQL Community Server - GPL.
