2026-04-24T02:01:13.098774Z 0 [System] [MY-015017] [Server] MySQL Server Initialization - start.
2026-04-24T02:01:13.136504Z 0 [System] [MY-013169] [Server] C:\laragon\bin\mysql\mysql-8.4.3-winx64\bin\mysqld.exe (mysqld 8.4.3) initializing of server in progress as process 2024
2026-04-24T02:01:13.246881Z 1 [System] [MY-013576] [InnoDB] InnoDB initialization has started.
2026-04-24T02:01:13.573664Z 1 [System] [MY-013577] [InnoDB] InnoDB initialization has ended.
2026-04-24T02:01:14.450073Z 0 [Warning] [MY-013829] [Server] Missing data directory for ICU regular expressions: C:\laragon\bin\mysql\mysql-8.4.3-winx64\lib\private\.
2026-04-24T02:01:15.189175Z 6 [Warning] [MY-010453] [Server] root@localhost is created with an empty password ! Please consider switching off the --initialize-insecure option.
2026-04-24T02:01:17.026739Z 0 [System] [MY-015018] [Server] MySQL Server Initialization - end.
2026-05-05T18:11:34.401136Z 0 [System] [MY-015017] [Server] MySQL Server Initialization - start.
2026-05-05T18:11:34.413825Z 0 [System] [MY-013169] [Server] C:\laragon\bin\mysql\mysql-8.4.3-winx64\bin\mysqld.exe (mysqld 8.4.3) initializing of server in progress as process 19596
2026-05-05T18:11:34.419910Z 0 [ERROR] [MY-010457] [Server] --initialize specified but the data directory has files in it. Aborting.
2026-05-05T18:11:34.436703Z 0 [ERROR] [MY-013236] [Server] The designated data directory C:\laragon\www\ws03\mysql-8.4\ is unusable. You can remove all files that the server added to it.
2026-05-05T18:11:34.441655Z 0 [ERROR] [MY-010119] [Server] Aborting
2026-05-05T18:11:34.446350Z 0 [System] [MY-015018] [Server] MySQL Server Initialization - end.
2026-05-05T18:12:56.571427Z 0 [System] [MY-015017] [Server] MySQL Server Initialization - start.
2026-05-05T18:12:56.585860Z 0 [System] [MY-013169] [Server] C:\laragon\bin\mysql\mysql-8.4.3-winx64\bin\mysqld.exe (mysqld 8.4.3) initializing of server in progress as process 5004
2026-05-05T18:12:56.590735Z 0 [ERROR] [MY-010457] [Server] --initialize specified but the data directory has files in it. Aborting.
2026-05-05T18:12:56.591342Z 0 [ERROR] [MY-013236] [Server] The designated data directory C:\laragon\www\ws03\mysql-8.4\ is unusable. You can remove all files that the server added to it.
2026-05-05T18:12:56.594569Z 0 [ERROR] [MY-010119] [Server] Aborting
2026-05-05T18:12:56.595546Z 0 [System] [MY-015018] [Server] MySQL Server Initialization - end.
2026-05-05T18:14:23.339933Z 0 [System] [MY-015017] [Server] MySQL Server Initialization - start.
2026-05-05T18:14:23.350784Z 0 [System] [MY-013169] [Server] C:\laragon\bin\mysql\mysql-8.4.3-winx64\bin\mysqld.exe (mysqld 8.4.3) initializing of server in progress as process 20604
2026-05-05T18:14:23.354877Z 0 [ERROR] [MY-010457] [Server] --initialize specified but the data directory has files in it. Aborting.
2026-05-05T18:14:23.355386Z 0 [ERROR] [MY-013236] [Server] The designated data directory C:\laragon\www\ws03\mysql-8.4\ is unusable. You can remove all files that the server added to it.
2026-05-05T18:14:23.358637Z 0 [ERROR] [MY-010119] [Server] Aborting
2026-05-05T18:14:23.359358Z 0 [System] [MY-015018] [Server] MySQL Server Initialization - end.
2026-05-05T18:15:17.135316Z 0 [System] [MY-015017] [Server] MySQL Server Initialization - start.
2026-05-05T18:15:17.141091Z 0 [System] [MY-013169] [Server] C:\laragon\bin\mysql\mysql-8.4.3-winx64\bin\mysqld.exe (mysqld 8.4.3) initializing of server in progress as process 10312
2026-05-05T18:15:17.143093Z 0 [ERROR] [MY-010457] [Server] --initialize specified but the data directory has files in it. Aborting.
2026-05-05T18:15:17.143366Z 0 [ERROR] [MY-013236] [Server] The designated data directory C:\laragon\www\ws03\mysql-8.4\ is unusable. You can remove all files that the server added to it.
2026-05-05T18:15:17.145301Z 0 [ERROR] [MY-010119] [Server] Aborting
2026-05-05T18:15:17.145709Z 0 [System] [MY-015018] [Server] MySQL Server Initialization - end.
2026-05-05T18:15:58.660927Z 0 [System] [MY-015017] [Server] MySQL Server Initialization - start.
2026-05-05T18:15:58.667147Z 0 [System] [MY-013169] [Server] C:\laragon\bin\mysql\mysql-8.4.3-winx64\bin\mysqld.exe (mysqld 8.4.3) initializing of server in progress as process 21144
2026-05-05T18:15:58.669157Z 0 [ERROR] [MY-010457] [Server] --initialize specified but the data directory has files in it. Aborting.
2026-05-05T18:15:58.669430Z 0 [ERROR] [MY-013236] [Server] The designated data directory C:\laragon\www\ws03\mysql-8.4\ is unusable. You can remove all files that the server added to it.
2026-05-05T18:15:58.671480Z 0 [ERROR] [MY-010119] [Server] Aborting
2026-05-05T18:15:58.671937Z 0 [System] [MY-015018] [Server] MySQL Server Initialization - end.
2026-05-05T18:18:43.267438Z 0 [System] [MY-015017] [Server] MySQL Server Initialization - start.
2026-05-05T18:18:43.279645Z 0 [System] [MY-013169] [Server] C:\laragon\bin\mysql\mysql-8.4.3-winx64\bin\mysqld.exe (mysqld 8.4.3) initializing of server in progress as process 3508
2026-05-05T18:18:43.282868Z 0 [ERROR] [MY-010457] [Server] --initialize specified but the data directory has files in it. Aborting.
2026-05-05T18:18:43.283234Z 0 [ERROR] [MY-013236] [Server] The designated data directory C:\laragon\www\ws03\mysql-8.4\ is unusable. You can remove all files that the server added to it.
2026-05-05T18:18:43.286352Z 0 [ERROR] [MY-010119] [Server] Aborting
2026-05-05T18:18:43.287402Z 0 [System] [MY-015018] [Server] MySQL Server Initialization - end.
